// Jest Snapshot v1, https://goo.gl/fbAQLP

exports[`Home page matches snapshot 1`] = `
<DocumentFragment>
  <main
    class="container"
  >
    <div
      class="small"
    >
      <div
        class="card"
      >
        <img
          alt=""
          class="image"
          height="700"
          src="https://imgur.com/uKQqsuA.png"
          width="1300"
        />
        <div
          class="info"
          href="/category/xbox"
        >
          <h3>
            Xbox
          </h3>
          <p>
            SHOP NOW
          </p>
        </div>
      </div>
      <div
        class="card"
      >
        <img
          alt=""
          class="image"
          height="700"
          src="https://imgur.com/3Y1DLYC.png"
          width="1300"
        />
        <div
          class="info"
          href="/category/ps5"
        >
          <h3>
            PS5
          </h3>
          <p>
            SHOP NOW
          </p>
        </div>
      </div>
      <div
        class="card"
      >
        <img
          alt=""
          class="image"
          height="700"
          src="https://imgur.com/Dm212HS.png"
          width="1300"
        />
        <div
          class="info"
          href="/category/switch"
        >
          <h3>
            Switch
          </h3>
          <p>
            SHOP NOW
          </p>
        </div>
      </div>
    </div>
    <div
      class="large"
    >
      <div
        class="card"
      >
        <img
          alt=""
          class="image"
          height="700"
          src="https://imgur.com/qb6IW1f.png"
          width="1300"
        />
        <div
          class="info"
          href="/category/pc"
        >
          <h3>
            PC
          </h3>
          <p>
            SHOP NOW
          </p>
        </div>
      </div>
      <div
        class="card"
      >
        <img
          alt=""
          class="image"
          height="700"
          src="https://imgur.com/HsUfuRU.png"
          width="1300"
        />
        <div
          class="info"
          href="/category/accessories"
        >
          <h3>
            Accessories
          </h3>
          <p>
            SHOP NOW
          </p>
        </div>
      </div>
    </div>
  </main>
</DocumentFragment>
`;
